warning: missing documentation for a function
   --> crates/tidb-datatype/src/charset.rs:692:1
    |
692 | pub fn get_charset_info(charset: &str) -> Result<CharsetInfo, CharsetError> {
    | ^^^^^^^^^^^^^^^^^^^^^^^^^^^^^^^^^^^^^^^^^^^^^^^^^^^^^^^^^^^^^^^^^^^^^^^^^^^
    |
    = note: requested on the command line with `-W missing-docs`

warning: missing documentation for a method
   --> crates/tidb-datatype/src/decimal/mod.rs:596:5
    |
596 |     pub fn coefficient_i128(&self) -> Option<(i128, u32)> {
    |     ^^^^^^^^^^^^^^^^^^^^^^^^^^^^^^^^^^^^^^^^^^^^^^^^^^^^^

warning: `tidb-datatype` (lib) generated 2 warnings
warning: unused import: `restore_cast_type_kw`
  --> crates/tidb-ast/src/expr/restore.rs:18:38
   |
18 | use super::cast::{restore_cast_type, restore_cast_type_kw, restore_typed_literal};
   |                                      ^^^^^^^^^^^^^^^^^^^^
   |
   = note: `#[warn(unused_imports)]` (part of `#[warn(unused)]`) on by default

warning: variable does not need to be mutable
   --> crates/tidb-ast/src/expr/cast.rs:304:9
    |
304 |     let mut kw = |name: &str, out: &mut String| {
    |         ----^^
    |         |
    |         help: remove this `mut`
    |
    = note: `#[warn(unused_mut)]` (part of `#[warn(unused)]`) on by default

warning: missing documentation for a variant
   --> crates/tidb-ast/src/stmt/ddl.rs:190:5
    |
190 |     AlterView(Box<crate::ddl::AlterViewStmt>),
    |     ^^^^^^^^^
    |
    = note: requested on the command line with `-W missing-docs`

warning: `tidb-ast` (lib) generated 3 warnings (run `cargo fix --lib -p tidb-ast` to apply 2 suggestions)
warning: unused import: `crate::parse`
    --> crates/tidb-parser/src/pipes_probe_test.rs:2:5
     |
   2 | use crate::parse;
     |     ^^^^^^^^^^^^
     |
help: if this is a test module, consider adding a `#[cfg(test)]` to the containing module
    --> crates/tidb-parser/src/lib.rs:1836:1
     |
1836 | mod pipes_probe_test;
     | ^^^^^^^^^^^^^^^^^^^^^
     = note: `#[warn(unused_imports)]` (part of `#[warn(unused)]`) on by default

warning: unused import: `Stmt`
    --> crates/tidb-parser/src/pipes_probe_test.rs:3:22
     |
   3 | use tidb_ast::{Expr, Stmt};
     |                      ^^^^
     |
help: if this is a test module, consider adding a `#[cfg(test)]` to the containing module
    --> crates/tidb-parser/src/lib.rs:1836:1
     |
1836 | mod pipes_probe_test;
     | ^^^^^^^^^^^^^^^^^^^^^

warning: function `is_alias_excluded_keyword` is never used
    --> crates/tidb-parser/src/select.rs:1326:4
     |
1326 | fn is_alias_excluded_keyword(name: &str) -> bool {
     |    ^^^^^^^^^^^^^^^^^^^^^^^^^
     |
     = note: `#[warn(dead_code)]` (part of `#[warn(unused)]`) on by default

warning: function `shape` is never used
 --> crates/tidb-parser/src/pipes_probe_test.rs:5:4
  |
5 | fn shape(expr: &Expr) -> String {
  |    ^^^^^

warning: `tidb-parser` (lib) generated 4 warnings (run `cargo fix --lib -p tidb-parser` to apply 2 suggestions)
warning: variable does not need to be mutable
   --> crates/tidb-model/src/placement.rs:152:13
    |
152 |         let mut push_string = |out: &mut String, item: &str, value: &str| {
    |             ----^^^^^^^^^^^
    |             |
    |             help: remove this `mut`
    |
    = note: `#[warn(unused_mut)]` (part of `#[warn(unused)]`) on by default

warning: variable does not need to be mutable
   --> crates/tidb-model/src/placement.rs:166:13
    |
166 |         let mut push_int = |out: &mut String, item: &str, value: u64| {
    |             ----^^^^^^^^
    |             |
    |             help: remove this `mut`

warning: `tidb-model` (lib) generated 2 warnings (run `cargo fix --lib -p tidb-model` to apply 2 suggestions)
warning: missing documentation for a struct field
  --> crates/tidb-codec/src/join_keys.rs:50:13
   |
50 |     Fixed { data: &'a [u8], width: usize },
   |             ^^^^^^^^^^^^^^
   |
   = note: requested on the command line with `-W missing-docs`

warning: missing documentation for a struct field
  --> crates/tidb-codec/src/join_keys.rs:50:29
   |
50 |     Fixed { data: &'a [u8], width: usize },
   |                             ^^^^^^^^^^^^

warning: missing documentation for a struct field
  --> crates/tidb-codec/src/join_keys.rs:52:16
   |
52 |     Variable { data: &'a [u8], offsets: &'a [i64] },
   |                ^^^^^^^^^^^^^^

warning: missing documentation for a struct field
  --> crates/tidb-codec/src/join_keys.rs:52:32
   |
52 |     Variable { data: &'a [u8], offsets: &'a [i64] },
   |                                ^^^^^^^^^^^^^^^^^^

warning: unused import: `SystemTime`
  --> crates/tidb-log/src/log.rs:19:36
   |
19 | use std::time::{Duration, Instant, SystemTime};
   |                                    ^^^^^^^^^^
   |
   = note: `#[warn(unused_imports)]` (part of `#[warn(unused)]`) on by default

warning: `tidb-codec` (lib) generated 4 warnings
warning: `tidb-log` (lib) generated 1 warning (run `cargo fix --lib -p tidb-log` to apply 1 suggestion)
warning: trait `RegionRetryState` is more private than the item `PlanBuilder<PdC, RetryableMultiRegion<P, PdC, R>, Targetted>`
   --> third_party/tikv-client-rs/src/request/plan_builder.rs:969:1
    |
969 | / impl<PdC, P, R> PlanBuilder<PdC, RetryableMultiRegion<P, PdC, R>, Targetted>
970 | | where
971 | |     PdC: PdClient,
972 | |     P: Plan + Shardable,
973 | |     P::Result: HasKeyErrors + HasRegionError,
974 | |     R: RegionRetryState,
    | |________________________^ implementation `PlanBuilder<PdC, RetryableMultiRegion<P, PdC, R>, Targetted>` is reachable at visibility `pub`
    |
note: but trait `RegionRetryState` is only usable at visibility `pub(crate)`
   --> third_party/tikv-client-rs/src/request/plan.rs:686:1
    |
686 | pub(crate) trait RegionRetryState: Clone + Send + Sync + 'static {
    | ^^^^^^^^^^^^^^^^^^^^^^^^^^^^^^^^^^^^^^^^^^^^^^^^^^^^^^^^^^^^^^^^
    = note: `#[warn(private_bounds)]` on by default

warning: missing documentation for a constant
    --> crates/tidb-vardef/src/tidb_vars.rs:1091:1
     |
1091 | pub const TIDB_MERGE_PARTITION_STATS_CONCURRENCY: &str = "tidb_merge_partition_stats_concurrency";
     | ^^^^^^^^^^^^^^^^^^^^^^^^^^^^^^^^^^^^^^^^^^^^^^^^^^^^^^
     |
     = note: requested on the command line with `-W missing-docs`

warning: `tikv-client` (lib) generated 1 warning
warning: `tidb-vardef` (lib) generated 1 warning
warning: unused import: `Counter`
  --> crates/tidb-util/src/memory_metrics.rs:26:18
   |
26 | use prometheus::{Counter, CounterVec, Gauge, GaugeVec, HistogramOpts, HistogramVec, Opts};
   |                  ^^^^^^^
   |
   = note: `#[warn(unused_imports)]` (part of `#[warn(unused)]`) on by default

warning: missing documentation for a static
   --> crates/tidb-util/src/memory_metrics.rs:125:1
    |
125 | pub static MEMORY_ARBITRATION_DURATION: LazyLock<HistogramVec> = LazyLock::new(|| {
    | ^^^^^^^^^^^^^^^^^^^^^^^^^^^^^^^^^^^^^^^^^^^^^^^^^^^^^^^^^^^^^^
    |
    = note: requested on the command line with `-W missing-docs`

warning: `tidb-util` (lib) generated 2 warnings (run `cargo fix --lib -p tidb-util` to apply 1 suggestion)
   Compiling tidb-expr v0.0.0 (/Users/qiliu/projects/tidb/rust/crates/tidb-expr)
warning: unused import: `tidb_datatype::FieldType`
   --> crates/tidb-expr/src/builtin_cast_semantics.rs:289:9
    |
289 |     use tidb_datatype::FieldType;
    |         ^^^^^^^^^^^^^^^^^^^^^^^^
    |
    = note: `#[warn(unused_imports)]` (part of `#[warn(unused)]`) on by default

warning: unused import: `std::io::Write`
  --> crates/tidb-expr/src/builtin_ext/crypto.rs:31:5
   |
31 | use std::io::Write;
   |     ^^^^^^^^^^^^^^

warning: unused import: `flate2::write::ZlibEncoder`
  --> crates/tidb-expr/src/builtin_ext/crypto.rs:33:5
   |
33 | use flate2::write::ZlibEncoder;
   |     ^^^^^^^^^^^^^^^^^^^^^^^^^^

warning: unused import: `Compression`
  --> crates/tidb-expr/src/builtin_ext/crypto.rs:34:14
   |
34 | use flate2::{Compression, Decompress, FlushDecompress, Status};
   |              ^^^^^^^^^^^

warning: unused import: `super::text::format_json`
  --> crates/tidb-expr/src/builtin_ext/json/construct.rs:29:5
   |
29 | use super::text::format_json;
   |     ^^^^^^^^^^^^^^^^^^^^^^^^

warning: unused doc comment
   --> crates/tidb-expr/src/constant_fold.rs:794:1
    |
794 | / /// Warnings the constant-fold evaluation raised, stashed for the caller that
795 | | /// owns the statement's warning buffer. The fold evaluates column-free
796 | | /// expressions against a sessionless context whose `append_warning` would
797 | | /// otherwise drop go's per-statement warnings (`ADDDATE('abc', INTERVAL 1
798 | | /// DAY)` warns `Incorrect datetime value: 'abc'` on an empty table).
    | |_--------------------------------------------------------------------^
    |   |
    |   rustdoc does not generate documentation for macro invocations
    |
    = help: to document an item produced by a macro, the macro must produce the documentation as part of its expansion
    = note: `#[warn(unused_doc_comments)]` (part of `#[warn(unused)]`) on by default

warning: unused import: `Constant`
   --> crates/tidb-expr/src/constant_fold.rs:486:29
    |
486 |     use crate::expression::{Constant, Expression, ScalarFunction};
    |                             ^^^^^^^^

warning: unnecessary parentheses around index expression
   --> crates/tidb-expr/src/go_flate.rs:996:46
    |
996 |                 let hh = &mut self.hash_head[(hash as usize & HASH_MASK)];
    |                                              ^                         ^
    |
    = note: `#[warn(unused_parens)]` (part of `#[warn(unused)]`) on by default
help: remove these parentheses
    |
996 -                 let hh = &mut self.hash_head[(hash as usize & HASH_MASK)];
996 +                 let hh = &mut self.hash_head[hash as usize & HASH_MASK];
    |

warning: unnecessary parentheses around index expression
    --> crates/tidb-expr/src/go_flate.rs:1036:54
     |
1036 |                         let hh = &mut self.hash_head[(hash as usize & HASH_MASK)];
     |                                                      ^                         ^
     |
help: remove these parentheses
     |
1036 -                         let hh = &mut self.hash_head[(hash as usize & HASH_MASK)];
1036 +                         let hh = &mut self.hash_head[hash as usize & HASH_MASK];
     |

warning: unused import: `super::*`
    --> crates/tidb-expr/src/func.rs:1104:9
     |
1104 |     use super::*;
     |         ^^^^^^^^

warning: unused imports: `FieldTypeValue`, `TimeType`, and `default_field_type_for_value`
  --> crates/tidb-expr/src/rewriter.rs:31:5
   |
31 |     default_field_type_for_value, Datum, EvalType, FieldType, FieldTypeCode, FieldTypeValue,
   |     ^^^^^^^^^^^^^^^^^^^^^^^^^^^^                                             ^^^^^^^^^^^^^^
32 |     TimeType,
   |     ^^^^^^^^

warning: unused import: `crate::context::Columns`
  --> crates/tidb-expr/src/expr_util/fold.rs:49:5
   |
49 | use crate::context::Columns;
   |     ^^^^^^^^^^^^^^^^^^^^^^^

warning: variable `n` is assigned to, but never used
   --> crates/tidb-expr/src/go_flate.rs:432:13
    |
432 |         let mut n = self.out.len();
    |             ^^^^^
    |
    = note: consider using `_n` instead
    = note: `#[warn(unused_variables)]` (part of `#[warn(unused)]`) on by default

warning: value assigned to `n` is never read
   --> crates/tidb-expr/src/go_flate.rs:442:13
    |
442 |             n += 1;
    |             ^^^^^^
    |
    = help: maybe it is overwritten before being read?
    = note: `#[warn(unused_assignments)]` (part of `#[warn(unused)]`) on by default

warning: variable does not need to be mutable
   --> crates/tidb-expr/src/ops.rs:231:5
    |
231 |     mut l: Datum,
    |     ----^
    |     |
    |     help: remove this `mut`
    |
    = note: `#[warn(unused_mut)]` (part of `#[warn(unused)]`) on by default

warning: variable does not need to be mutable
   --> crates/tidb-expr/src/ops.rs:232:5
    |
232 |     mut r: Datum,
    |     ----^
    |     |
    |     help: remove this `mut`

warning: unreachable pattern
   --> crates/tidb-expr/src/rewriter.rs:639:21
    |
600 |                     tidb_datatype::EvalType::Decimal => {
    |                     -------------------------------- matches all the relevant values
...
639 |                     tidb_datatype::EvalType::Decimal => {
    |                     ^^^^^^^^^^^^^^^^^^^^^^^^^^^^^^^^ no value can reach this
    |
    = note: `#[warn(unreachable_patterns)]` (part of `#[warn(unused)]`) on by default

warning: unused variable: `fixed_constant`
    --> crates/tidb-expr/src/rewriter.rs:1532:21
     |
1532 |                 let fixed_constant = matches!(&argument, Expression::Constant(constant)
     |                     ^^^^^^^^^^^^^^ help: if this is intentional, prefix it with an underscore: `_fixed_constant`

warning: variable does not need to be mutable
    --> crates/tidb-expr/src/simple_expr.rs:1538:13
     |
1538 |         let mut chunk = tidb_chunk::chunk::Chunk::new(&[], 1, 1);
     |             ----^^^^^
     |             |
     |             help: remove this `mut`

warning: variable does not need to be mutable
    --> crates/tidb-expr/src/simple_expr.rs:1693:17
     |
1693 |             let mut chunk = tidb_chunk::chunk::Chunk::new(&[], 1, 1);
     |                 ----^^^^^
     |                 |
     |                 help: remove this `mut`

warning: variable does not need to be mutable
    --> crates/tidb-expr/src/simple_expr.rs:1711:13
     |
1711 |         let mut chunk = tidb_chunk::chunk::Chunk::new(&[], 1, 1);
     |             ----^^^^^
     |             |
     |             help: remove this `mut`

warning: field `bit_count` is never read
   --> crates/tidb-expr/src/go_flate.rs:184:5
    |
182 | struct HuffmanEncoder {
    |        -------------- field in this struct
183 |     codes: Vec<Hcode>,
184 |     bit_count: [i32; 17],
    |     ^^^^^^^^^
    |
    = note: `#[warn(dead_code)]` (part of `#[warn(unused)]`) on by default

warning: field `level` is never read
   --> crates/tidb-expr/src/go_flate.rs:359:5
    |
358 | struct LevelInfo {
    |        --------- field in this struct
359 |     level: i32,
    |     ^^^^^
    |
    = note: `LevelInfo` has a derived impl for the trait `Clone`, but this is intentionally ignored during dead code analysis

warning: constant `BUFFER_FLUSH_SIZE` is never used
   --> crates/tidb-expr/src/go_flate.rs:412:7
    |
412 | const BUFFER_FLUSH_SIZE: usize = 240;
    |       ^^^^^^^^^^^^^^^^^

warning: fields `fast_skip_hashing` and `scratch` are never read
   --> crates/tidb-expr/src/go_flate.rs:777:5
    |
770 | struct Compressor {
    |        ---------- fields in this struct
...
777 |     fast_skip_hashing: i32,
    |     ^^^^^^^^^^^^^^^^^
...
792 |     scratch: Vec<LiteralNode>,
    |     ^^^^^^^

warning: constant `HASH_MATCH_LEN` is never used
   --> crates/tidb-expr/src/go_flate.rs:795:7
    |
795 | const HASH_MATCH_LEN: usize = MAX_MATCH_LENGTH - 1;
    |       ^^^^^^^^^^^^^^

warning: method `fill_window` is never used
   --> crates/tidb-expr/src/go_flate.rs:880:8
    |
797 | impl Compressor {
    | --------------- method in this implementation
...
880 |     fn fill_window(&mut self, b: &[u8]) {
    |        ^^^^^^^^^^^

warning: function `bulk_hash4` is never used
    --> crates/tidb-expr/src/go_flate.rs:1088:4
     |
1088 | fn bulk_hash4(b: &[u8], dst: &mut [u32]) {
     |    ^^^^^^^^^^

warning: function `d` is never used
    --> crates/tidb-expr/src/func.rs:1056:8
     |
1056 |     fn d(s: &str) -> Datum {
     |        ^

warning: field `gbk_params` is never read
   --> crates/tidb-expr/src/tests/crypto_encryption_source.rs:558:9
    |
552 |     struct GbkRow {
    |            ------ field in this struct
...
558 |         gbk_params: bool,
    |         ^^^^^^^^^^
    |
    = note: `GbkRow` has a derived impl for the trait `Debug`, but this is intentionally ignored during dead code analysis

warning: function `eval_encrypt_bytes` is never used
   --> crates/tidb-expr/src/tests/crypto_encryption_source.rs:707:4
    |
707 | fn eval_encrypt_bytes(origin: &Datum, params: &[&str], mode_value: &str) -> Datum {
    |    ^^^^^^^^^^^^^^^^^^

warning: missing documentation for a struct field
   --> crates/tidb-expr/src/context.rs:139:33
    |
139 |     ConstantFloatCastOverflow { value: String },
    |                                 ^^^^^^^^^^^^^
    |
    = note: requested on the command line with `-W missing-docs`

warning: `tidb-expr` (lib test) generated 32 warnings (run `cargo fix --lib -p tidb-expr --tests` to apply 16 suggestions)
    Finished `test` profile [unoptimized + debuginfo] target(s) in 2.06s
     Running unittests src/lib.rs (rust/target/debug/build/tidb-expr/860c448b13d5d896/out/tidb_expr-860c448b13d5d896)

running 1 test
test scalar_function::pb_builtin::audit_inventory::audit_pb_registry_inventory ... ok

test result: ok. 1 passed; 0 failed; 0 ignored; 0 measured; 1336 filtered out; finished in 0.00s

